#-----------------------------------------------------------
# Vivado v2022.1 (64-bit)
# SW Build 3526262 on Mon Apr 18 15:47:01 MDT 2022
# IP Build 3524634 on Mon Apr 18 20:55:01 MDT 2022
# Start of session at: Wed Nov 27 16:32:21 2024
# Process ID: 285421
# Current directory: /scratch/anubhav/Coyote/examples_hw/build_hw_8/test_config_0/user_c0_0/test.runs/axis_register_slice_meta_512_synth_1
# Command line: vivado -log axis_register_slice_meta_512.vds -product Vivado -mode batch -messageDb vivado.pb -notrace -source axis_register_slice_meta_512.tcl
# Log file: /scratch/anubhav/Coyote/examples_hw/build_hw_8/test_config_0/user_c0_0/test.runs/axis_register_slice_meta_512_synth_1/axis_register_slice_meta_512.vds
# Journal file: /scratch/anubhav/Coyote/examples_hw/build_hw_8/test_config_0/user_c0_0/test.runs/axis_register_slice_meta_512_synth_1/vivado.jou
# Running On: amy, OS: Linux, CPU Frequency: 1500.000 MHz, CPU Physical cores: 32, Host memory: 2143237 MB
#-----------------------------------------------------------
source axis_register_slice_meta_512.tcl -notrace
