#-----------------------------------------------------------
# Vivado v2022.1 (64-bit)
# SW Build 3526262 on Mon Apr 18 15:47:01 MDT 2022
# IP Build 3524634 on Mon Apr 18 20:55:01 MDT 2022
# Start of session at: Wed Nov 27 16:18:15 2024
# Process ID: 258864
# Current directory: /scratch/anubhav/Coyote/examples_hw/build_hw_8/test_shell/test.runs/axis_data_fifo_req_256_used_synth_1
# Command line: vivado -log axis_data_fifo_req_256_used.vds -product Vivado -mode batch -messageDb vivado.pb -notrace -source axis_data_fifo_req_256_used.tcl
# Log file: /scratch/anubhav/Coyote/examples_hw/build_hw_8/test_shell/test.runs/axis_data_fifo_req_256_used_synth_1/axis_data_fifo_req_256_used.vds
# Journal file: /scratch/anubhav/Coyote/examples_hw/build_hw_8/test_shell/test.runs/axis_data_fifo_req_256_used_synth_1/vivado.jou
# Running On: amy, OS: Linux, CPU Frequency: 2650.059 MHz, CPU Physical cores: 32, Host memory: 2143237 MB
#-----------------------------------------------------------
source axis_data_fifo_req_256_used.tcl -notrace
